The request analysis.setContextRoots failed with the following error:
RequestErrorCode.PLUGIN_ERROR
The environment "sdk" has incompatible version constraints in the project:
- ">=2.17.5 <3.0.0"
  from "basic" at "./example/pubspec.yaml".
- ">=3.0.0 <4.0.0"
  from "fquery" at "././pubspec.yaml".

at:
#0      CustomLintWorkspace._writeEnvironment (package:custom_lint/src/workspace.dart:594:9)
#1      CustomLintWorkspace.computePubspec (package:custom_lint/src/workspace.dart:563:5)
#2      CustomLintWorkspace.resolvePluginHost (package:custom_lint/src/workspace.dart:749:28)
#3      SocketCustomLintServerToClientChannel._startProcess (package:custom_lint/src/v2/server_to_client_channel.dart:151:24)
#4      SocketCustomLintServerToClientChannel.init (package:custom_lint/src/v2/server_to_client_channel.dart:110:22)
#5      CustomLintServer._maybeSpawnCustomLintPlugin (package:custom_lint/src/v2/custom_lint_analyzer_plugin.dart:394:25)
<asynchronous suspension>
#6      CustomLintServer._handleAnalysisSetContextRoots.<anonymous closure> (package:custom_lint/src/v2/custom_lint_analyzer_plugin.dart:341:9)
<asynchronous suspension>
#7      PendingOperation.run (package:custom_lint/src/async_operation.dart:22:14)
<asynchronous suspension>
#8      CustomLintServer._handleRequest (package:custom_lint/src/v2/custom_lint_analyzer_plugin.dart:173:22)
<asynchronous suspension>

[custom_lint] 2025-07-09T11:20:37.657399 _PrettyRequestFailure: {"code":"PLUGIN_ERROR","message":"The environment \"sdk\" has incompatible version constraints in the project:\n- \">=2.17.5 <3.0.0\"\n  from \"basic\" at \"./example/pubspec.yaml\".\n- \">=3.0.0 <4.0.0\"\n  from \"fquery\" at \"././pubspec.yaml\".\n","stackTrace":"#0      CustomLintWorkspace._writeEnvironment (package:custom_lint/src/workspace.dart:594:9)\n#1      CustomLintWorkspace.computePubspec (package:custom_lint/src/workspace.dart:563:5)\n#2      CustomLintWorkspace.resolvePluginHost (package:custom_lint/src/workspace.dart:749:28)\n#3      SocketCustomLintServerToClientChannel._startProcess (package:custom_lint/src/v2/server_to_client_channel.dart:151:24)\n#4      SocketCustomLintServerToClientChannel.init (package:custom_lint/src/v2/server_to_client_channel.dart:110:22)\n#5      CustomLintServer._maybeSpawnCustomLintPlugin (package:custom_lint/src/v2/custom_lint_analyzer_plugin.dart:394:25)\n<asynchronous suspension>\n#6      CustomLintServer._handleAnalysisSetContextRoots.<anonymous closure> (package:custom_lint/src/v2/custom_lint_analyzer_plugin.dart:341:9)\n<asynchronous suspension>\n#7      PendingOperation.run (package:custom_lint/src/async_operation.dart:22:14)\n<asynchronous suspension>\n#8      CustomLintServer._handleRequest (package:custom_lint/src/v2/custom_lint_analyzer_plugin.dart:173:22)\n<asynchronous suspension>\n"}
[custom_lint] 2025-07-09T11:20:37.657399 #0      ChannelBase.sendRequest (package:custom_lint/src/server_isolate_channel.dart:82:7)
[custom_lint] 2025-07-09T11:20:37.657399 <asynchronous suspension>
[custom_lint] 2025-07-09T11:20:37.657399 #1      CustomLintRunner.initialize.<anonymous closure> (package:custom_lint/src/runner.dart:41:5)
[custom_lint] 2025-07-09T11:20:37.657399 <asynchronous suspension>
[custom_lint] 2025-07-09T11:20:37.657399 #2      _runServer.<anonymous closure> (package:custom_lint/custom_lint.dart:96:7)
[custom_lint] 2025-07-09T11:20:37.657399 <asynchronous suspension>
[custom_lint] 2025-07-09T11:20:37.657399 #3      _AsyncCompleter.complete (dart:async/future_impl.dart:98:3)
[custom_lint] 2025-07-09T11:20:37.657399 <asynchronous suspension>
[custom_lint] 2025-07-09T11:20:37.657399 #4      _runServer.<anonymous closure> (package:custom_lint/custom_lint.dart:126:19)
[custom_lint] 2025-07-09T11:20:37.657399 <asynchronous suspension>
[custom_lint] 2025-07-09T11:20:37.657399 #5      _runServer (package:custom_lint/custom_lint.dart:86:3)
[custom_lint] 2025-07-09T11:20:37.657399 <asynchronous suspension>
[custom_lint] 2025-07-09T11:20:37.657399 #6      customLint (package:custom_lint/custom_lint.dart:50:5)
[custom_lint] 2025-07-09T11:20:37.657399 <asynchronous suspension>
[custom_lint] 2025-07-09T11:20:37.657399 #7      entrypoint (file:///Users/s11080/.pub-cache/hosted/pub.dev/custom_lint-0.7.5/bin/custom_lint.dart:68:3)
[custom_lint] 2025-07-09T11:20:37.657399 <asynchronous suspension>
[custom_lint] 2025-07-09T11:20:37.657399 #8      main (file:///Users/s11080/.pub-cache/hosted/pub.dev/custom_lint-0.7.5/bin/custom_lint.dart:80:5)
[custom_lint] 2025-07-09T11:20:37.657399 <asynchronous suspension>
[custom_lint] 2025-07-09T11:20:37.657399
